
=================================================
Mixed Precision CPR-GMRES Solver
Matrix file: /home/spring/l_s/jxpamg_all/JXPAMG-bsr/data/spe10_bsr/A_bsr_spe10.bin
Matrix type: BSR
Binary format: yes
RHS file: /home/spring/l_s/jxpamg_all/JXPAMG-bsr/data/spe10_bsr/b_spe10.dat
=================================================

BSR Matrix Info (myid 0):
  Block size: 2
  Number of block rows: 1094422
  Number of block cols: 1094422
  Number of block nonzeros: 7478310
  Scalar dimensions: 2188844 x 2188844
Reading RHS from file: /home/spring/l_s/jxpamg_all/JXPAMG-bsr/data/spe10_bsr/b_spe10.dat

Applying decoupling to serial BSR system...
  Decoupling method: True-IMPES
  Is thermal model: no
  Decoupling completed in 0.081369 seconds
  Matrix and RHS have been modified by decoupling
  First diagonal block after decoupling:
    3.416351e-02    3.089028e-04
    7.801957e-02    4.240598e+01
Low precision CPR setup completed in 1.890664 seconds

Starting GMRES with mixed precision CPR preconditioner...
Max iterations: 30, Tolerance: 1.0e-04
Krylov subspace dimension: 30
L2 norm of b: 9.044238e+00
Initial L2 norm of residual: 9.044238e+00
=============================================

Iters     resid.norm     conv.rate  rel.res.norm(wrt.b_norm)
-----    ------------    ---------- ------------------------
CPR-MxP: Stage1 (AMG) time: 1.2500 s, Stage2 (Polish) time: 0.5000 s
    1    1.847764e+00    0.204303   2.043029e-01
CPR-MxP: Stage1 (AMG) time: 4.0000 s, Stage2 (Polish) time: 1.0000 s
    2    7.402821e-01    0.400637   8.185124e-02
CPR-MxP: Stage1 (AMG) time: 6.7500 s, Stage2 (Polish) time: 1.5000 s
    3    3.284552e-01    0.443689   3.631652e-02
CPR-MxP: Stage1 (AMG) time: 9.7500 s, Stage2 (Polish) time: 2.0000 s
    4    1.832118e-01    0.557798   2.025730e-02
CPR-MxP: Stage1 (AMG) time: 12.2500 s, Stage2 (Polish) time: 2.5000 s
    5    1.202240e-01    0.656202   1.329288e-02
CPR-MxP: Stage1 (AMG) time: 14.5000 s, Stage2 (Polish) time: 3.0000 s
    6    8.419378e-02    0.700308   9.309107e-03
CPR-MxP: Stage1 (AMG) time: 16.5000 s, Stage2 (Polish) time: 3.2500 s
    7    6.196652e-02    0.735999   6.851492e-03
CPR-MxP: Stage1 (AMG) time: 19.0000 s, Stage2 (Polish) time: 3.5000 s
    8    4.711972e-02    0.760406   5.209916e-03
CPR-MxP: Stage1 (AMG) time: 21.5000 s, Stage2 (Polish) time: 4.0000 s
    9    3.731782e-02    0.791979   4.126144e-03
CPR-MxP: Stage1 (AMG) time: 23.2500 s, Stage2 (Polish) time: 4.2500 s
   10    3.016422e-02    0.808306   3.335187e-03
CPR-MxP: Stage1 (AMG) time: 24.7500 s, Stage2 (Polish) time: 4.7500 s
   11    2.489080e-02    0.825176   2.752117e-03
CPR-MxP: Stage1 (AMG) time: 27.2500 s, Stage2 (Polish) time: 5.0000 s
   12    2.083416e-02    0.837023   2.303584e-03
CPR-MxP: Stage1 (AMG) time: 29.7500 s, Stage2 (Polish) time: 5.5000 s
   13    1.686539e-02    0.809506   1.864766e-03
CPR-MxP: Stage1 (AMG) time: 32.0000 s, Stage2 (Polish) time: 6.0000 s
   14    1.338088e-02    0.793393   1.479492e-03
CPR-MxP: Stage1 (AMG) time: 34.5000 s, Stage2 (Polish) time: 6.5000 s
   15    1.053425e-02    0.787261   1.164747e-03
CPR-MxP: Stage1 (AMG) time: 36.7500 s, Stage2 (Polish) time: 6.7500 s
   16    8.072651e-03    0.766324   8.925740e-04
CPR-MxP: Stage1 (AMG) time: 38.0000 s, Stage2 (Polish) time: 7.2500 s
   17    6.438088e-03    0.797518   7.118442e-04
CPR-MxP: Stage1 (AMG) time: 40.5000 s, Stage2 (Polish) time: 7.5000 s
   18    5.012924e-03    0.778635   5.542672e-04
CPR-MxP: Stage1 (AMG) time: 42.5000 s, Stage2 (Polish) time: 7.7500 s
   19    4.113818e-03    0.820642   4.548551e-04
CPR-MxP: Stage1 (AMG) time: 45.0000 s, Stage2 (Polish) time: 8.2500 s
   20    3.245361e-03    0.788893   3.588319e-04
CPR-MxP: Stage1 (AMG) time: 47.2500 s, Stage2 (Polish) time: 8.7500 s
   21    2.552187e-03    0.786411   2.821893e-04
CPR-MxP: Stage1 (AMG) time: 49.7500 s, Stage2 (Polish) time: 9.0000 s
   22    1.897973e-03    0.743665   2.098544e-04
CPR-MxP: Stage1 (AMG) time: 51.5000 s, Stage2 (Polish) time: 9.2500 s
   23    1.364282e-03    0.718810   1.508455e-04
CPR-MxP: Stage1 (AMG) time: 54.5000 s, Stage2 (Polish) time: 9.5000 s
   24    1.067435e-03    0.782415   1.180237e-04
CPR-MxP: Stage1 (AMG) time: 55.2500 s, Stage2 (Polish) time: 9.7500 s
   25    8.337510e-04    0.781079   9.218587e-05
CPR-MxP: Stage1 (AMG) time: 57.5000 s, Stage2 (Polish) time: 10.2500 s
 false convergence 2: ||r|| = 1.72e-02  ||r||/||b|| = 1.90e-03

 >> GMRES Precond Total: time(min,max,ave) = (66.37, 66.37, 66.37) seconds


GMRES with mixed precision CPR completed in 83.095519 seconds
Iterations: 25, Final relative residual: 1.900142e-03
Total time (setup+solve): 84.986183 seconds
[XeonGold5122:116065:0:116065] Caught signal 11 (Segmentation fault: Sent by the kernel at address (nil))
==== backtrace ====
    0  /usr/lib64/libucs.so.0(+0x17970) [0x7efe2d04c970]
    1  /usr/lib64/libucs.so.0(+0x17b22) [0x7efe2d04cb22]
    2  /lib64/libc.so.6(cfree+0x1c) [0x7efe2fec6b7c]
    3  ./test_bsr_cprgmres_hybrid() [0x41f482]
    4  ./test_bsr_cprgmres_hybrid() [0x419fe9]
    5  ./test_bsr_cprgmres_hybrid() [0x42924c]
    6  ./test_bsr_cprgmres_hybrid() [0x403e4b]
    7  ./test_bsr_cprgmres_hybrid() [0x4045f2]
    8  /lib64/libc.so.6(__libc_start_main+0xf5) [0x7efe2fe63555]
    9  ./test_bsr_cprgmres_hybrid() [0x402849]
===================

===================================================================================
=   BAD TERMINATION OF ONE OF YOUR APPLICATION PROCESSES
=   RANK 0 PID 116065 RUNNING AT XeonGold5122
=   KILLED BY SIGNAL: 11 (Segmentation fault)
===================================================================================
